Release 13.4 - xst O.87xd (lin64)
Copyright (c) 1995-2011 Xilinx, Inc.  All rights reserved.
--> 
Parameter TMPDIR set to xst/projnav.tmp


Total REAL time to Xst completion: 0.00 secs
Total CPU time to Xst completion: 0.08 secs
 
--> 
Parameter xsthdpdir set to xst


Total REAL time to Xst completion: 0.00 secs
Total CPU time to Xst completion: 0.08 secs
 
--> 
Reading design: nx3_audio.prj

TABLE OF CONTENTS
  1) Synthesis Options Summary
  2) HDL Parsing
  3) HDL Elaboration
  4) HDL Synthesis
       4.1) HDL Synthesis Report
  5) Advanced HDL Synthesis
       5.1) Advanced HDL Synthesis Report
  6) Low Level Synthesis
  7) Partition Report
  8) Design Summary
       8.1) Primitive and Black Box Usage
       8.2) Device utilization summary
       8.3) Partition Resource Summary
       8.4) Timing Report
            8.4.1) Clock Information
            8.4.2) Asynchronous Control Signals Information
            8.4.3) Timing Summary
            8.4.4) Timing Details
            8.4.5) Cross Clock Domains Report


=========================================================================
*                      Synthesis Options Summary                        *
=========================================================================
---- Source Parameters
Input File Name                    : "nx3_audio.prj"
Ignore Synthesis Constraint File   : NO

---- Target Parameters
Output File Name                   : "nx3_audio"
Output Format                      : NGC
Target Device                      : xc6slx16-2-csg324

---- Source Options
Top Module Name                    : nx3_audio
Automatic FSM Extraction           : YES
FSM Encoding Algorithm             : Auto
Safe Implementation                : No
FSM Style                          : LUT
RAM Extraction                     : Yes
RAM Style                          : Auto
ROM Extraction                     : Yes
Shift Register Extraction          : YES
ROM Style                          : Auto
Resource Sharing                   : YES
Asynchronous To Synchronous        : NO
Shift Register Minimum Size        : 2
Use DSP Block                      : Auto
Automatic Register Balancing       : No

---- Target Options
LUT Combining                      : Auto
Reduce Control Sets                : Auto
Add IO Buffers                     : YES
Global Maximum Fanout              : 100000
Add Generic Clock Buffer(BUFG)     : 16
Register Duplication               : YES
Optimize Instantiated Primitives   : NO
Use Clock Enable                   : Auto
Use Synchronous Set                : Auto
Use Synchronous Reset              : Auto
Pack IO Registers into IOBs        : Auto
Equivalent register Removal        : YES

---- General Options
Optimization Goal                  : Speed
Optimization Effort                : 1
Power Reduction                    : NO
Keep Hierarchy                     : No
Netlist Hierarchy                  : As_Optimized
RTL Output                         : Yes
Global Optimization                : AllClockNets
Read Cores                         : YES
Write Timing Constraints           : NO
Cross Clock Analysis               : NO
Hierarchy Separator                : /
Bus Delimiter                      : <>
Case Specifier                     : Maintain
Slice Utilization Ratio            : 100
BRAM Utilization Ratio             : 100
DSP48 Utilization Ratio            : 100
Auto BRAM Packing                  : NO
Slice Utilization Ratio Delta      : 5

---- Other Options
Cores Search Directories           : {"ipcore_dir"  }

=========================================================================

INFO:Xst - Part-select index evaluated to out of bound value may lead to incorrect synthesis results; it is recommended not to use them in RTL

=========================================================================
*                          HDL Parsing                                  *
=========================================================================
Parsing VHDL file "/home/meccastreissand/Documents/Fourth Year/EE4G - VHDL assignment/designs/Digital_Audio_Synthesiser/ipcore_dir/SinCos.vhd" into library work
Parsing entity <SinCos>.
Parsing architecture <SinCos_a> of entity <sincos>.
Parsing VHDL file "/home/meccastreissand/Documents/Fourth Year/EE4G - VHDL assignment/designs/Digital_Audio_Synthesiser/sineGen.vhd" into library work
Parsing entity <sineGen>.
Parsing architecture <Behavioral> of entity <sinegen>.
WARNING:HDLCompiler:946 - "/home/meccastreissand/Documents/Fourth Year/EE4G - VHDL assignment/designs/Digital_Audio_Synthesiser/sineGen.vhd" Line 41: Actual for formal port s_axis_phase_tdata is neither a static name nor a globally static expression
Parsing VHDL file "/home/meccastreissand/Documents/Fourth Year/EE4G - VHDL assignment/designs/Digital_Audio_Synthesiser/pdmModule.vhd" into library work
Parsing entity <pdmModule>.
Parsing architecture <Behavioral> of entity <pdmmodule>.
Parsing VHDL file "/home/meccastreissand/Documents/Fourth Year/EE4G - VHDL assignment/designs/Digital_Audio_Synthesiser/msClock.vhd" into library work
Parsing entity <msClock>.
Parsing architecture <Behavioral> of entity <msclock>.
Parsing VHDL file "/home/meccastreissand/Documents/Fourth Year/EE4G - VHDL assignment/designs/Digital_Audio_Synthesiser/ipcore_dir/dcm/example_design/dcm_exdes.vhd" into library work
Parsing entity <dcm_exdes>.
Parsing architecture <xilinx> of entity <dcm_exdes>.
Parsing VHDL file "/home/meccastreissand/Documents/Fourth Year/EE4G - VHDL assignment/designs/Digital_Audio_Synthesiser/ipcore_dir/dcm.vhd" into library work
Parsing entity <dcm>.
Parsing architecture <xilinx> of entity <dcm>.
Parsing VHDL file "/home/meccastreissand/Documents/Fourth Year/EE4G - VHDL assignment/designs/Digital_Audio_Synthesiser/display_driver.vhd" into library work
Parsing entity <display_driver>.
Parsing architecture <Behavioral> of entity <display_driver>.
Parsing VHDL file "/home/meccastreissand/Documents/Fourth Year/EE4G - VHDL assignment/designs/Digital_Audio_Synthesiser/counter.vhd" into library work
Parsing entity <counter>.
Parsing architecture <Behavioral> of entity <counter>.
Parsing VHDL file "/home/meccastreissand/Documents/Fourth Year/EE4G - VHDL assignment/designs/Digital_Audio_Synthesiser/btn_debounce.vhd" into library work
Parsing entity <btn_debounce>.
Parsing architecture <Behavioral> of entity <btn_debounce>.
Parsing VHDL file "/home/meccastreissand/Documents/Fourth Year/EE4G - VHDL assignment/designs/Digital_Audio_Synthesiser/audioClock.vhd" into library work
Parsing entity <audioClock>.
Parsing architecture <Behavioral> of entity <audioclock>.
Parsing VHDL file "/home/meccastreissand/Documents/Fourth Year/EE4G - VHDL assignment/designs/Digital_Audio_Synthesiser/nx3_audio.vhd" into library work
Parsing entity <nx3_audio>.
Parsing architecture <Behavioral> of entity <nx3_audio>.

=========================================================================
*                            HDL Elaboration                            *
=========================================================================

Elaborating entity <nx3_audio> (architecture <Behavioral>) from library <work>.

Elaborating entity <dcm> (architecture <xilinx>) from library <work>.

Elaborating entity <audioClock> (architecture <Behavioral>) from library <work>.

Elaborating entity <msClock> (architecture <Behavioral>) from library <work>.

Elaborating entity <display_driver> (architecture <Behavioral>) from library <work>.
WARNING:HDLCompiler:92 - "/home/meccastreissand/Documents/Fourth Year/EE4G - VHDL assignment/designs/Digital_Audio_Synthesiser/display_driver.vhd" Line 43: number should be on the sensitivity list of the process
WARNING:HDLCompiler:92 - "/home/meccastreissand/Documents/Fourth Year/EE4G - VHDL assignment/designs/Digital_Audio_Synthesiser/display_driver.vhd" Line 46: number should be on the sensitivity list of the process
INFO:HDLCompiler:679 - "/home/meccastreissand/Documents/Fourth Year/EE4G - VHDL assignment/designs/Digital_Audio_Synthesiser/display_driver.vhd" Line 49. Case statement is complete. others clause is never selected
WARNING:HDLCompiler:439 - "/home/meccastreissand/Documents/Fourth Year/EE4G - VHDL assignment/designs/Digital_Audio_Synthesiser/nx3_audio.vhd" Line 87: Formal port count of mode inout cannot be associated with actual port count of mode out
INFO:HDLCompiler:1408 - "/home/meccastreissand/Documents/Fourth Year/EE4G - VHDL assignment/designs/Digital_Audio_Synthesiser/counter.vhd" Line 19. count is declared here

Elaborating entity <counter> (architecture <Behavioral>) with generics from library <work>.
INFO:HDLCompiler:1408 - "/home/meccastreissand/Documents/Fourth Year/EE4G - VHDL assignment/designs/Digital_Audio_Synthesiser/counter.vhd" Line 19. count is declared here

Elaborating entity <sineGen> (architecture <Behavioral>) from library <work>.

Elaborating entity <SinCos> (architecture <SinCos_a>) from library <work>.

Elaborating entity <pdmModule> (architecture <Behavioral>) from library <work>.

Elaborating entity <btn_debounce> (architecture <Behavioral>) from library <work>.
INFO:HDLCompiler:679 - "/home/meccastreissand/Documents/Fourth Year/EE4G - VHDL assignment/designs/Digital_Audio_Synthesiser/nx3_audio.vhd" Line 198. Case statement is complete. others clause is never selected
WARNING:HDLCompiler:634 - "/home/meccastreissand/Documents/Fourth Year/EE4G - VHDL assignment/designs/Digital_Audio_Synthesiser/nx3_audio.vhd" Line 42: Net <frequency[23]> does not have a driver.
ERROR:HDLCompiler:1401 - "/home/meccastreissand/Documents/Fourth Year/EE4G - VHDL assignment/designs/Digital_Audio_Synthesiser/nx3_audio.vhd" Line 148: Signal freqSweep[14] in unit nx3_audio is connected to following multiple drivers:
ERROR:HDLCompiler:1379 - "/home/meccastreissand/Documents/Fourth Year/EE4G - VHDL assignment/designs/Digital_Audio_Synthesiser/nx3_audio.vhd" Line 165: Driver 0: output signal freqSweep[14] of instance Flip-flop
ERROR:HDLCompiler:1379 - "/home/meccastreissand/Documents/Fourth Year/EE4G - VHDL assignment/designs/Digital_Audio_Synthesiser/nx3_audio.vhd" Line 148: Driver 1: output signal freqSweep[14] of instance Latch
--> 


Total memory usage is 328732 kilobytes

Number of errors   :    3 (   0 filtered)
Number of warnings :    5 (   0 filtered)
Number of infos    :    1 (   0 filtered)

