--------------------------------------------------------------------------------
Release 13.4 Trace  (lin64)
Copyright (c) 1995-2011 Xilinx, Inc.  All rights reserved.

/opt/Xilinx/13.4/ISE_DS/ISE/bin/lin64/unwrapped/trce -intstyle ise -v 3 -s 2 -n
3 -fastpaths -xml nx3_audio.twx nx3_audio.ncd -o nx3_audio.twr nx3_audio.pcf
-ucf nx3_audio.ucf

Design file:              nx3_audio.ncd
Physical constraint file: nx3_audio.pcf
Device,package,speed:     xc6slx16,csg324,C,-2 (PRODUCTION 1.21 2012-01-07)
Report level:             verbose report

Environment Variable      Effect 
--------------------      ------ 
NONE                      No environment variables were set
--------------------------------------------------------------------------------

INFO:Timing:2698 - No timing constraints found, doing default enumeration.
INFO:Timing:3412 - To improve timing, see the Timing Closure User Guide (UG612).
INFO:Timing:2752 - To get complete path coverage, use the unconstrained paths 
   option. All paths that are not constrained will be reported in the 
   unconstrained paths section(s) of the report.
INFO:Timing:3339 - The clock-to-out numbers in this timing report are based on 
   a 50 Ohm transmission line loading model.  For the details of this model, 
   and for more information on accounting for different loading conditions, 
   please see the device datasheet.



Data Sheet report:
-----------------
All values displayed in nanoseconds (ns)

Pad to Pad
---------------+---------------+---------+
Source Pad     |Destination Pad|  Delay  |
---------------+---------------+---------+
switches<0>    |leds<0>        |  110.880|
switches<0>    |leds<1>        |  110.849|
switches<0>    |leds<2>        |  110.641|
switches<0>    |leds<3>        |  111.092|
switches<0>    |leds<4>        |  111.322|
switches<0>    |leds<5>        |  111.260|
switches<0>    |leds<6>        |  111.351|
switches<0>    |leds<7>        |  111.185|
switches<1>    |leds<0>        |  109.987|
switches<1>    |leds<1>        |  109.956|
switches<1>    |leds<2>        |  109.748|
switches<1>    |leds<3>        |  110.199|
switches<1>    |leds<4>        |  110.429|
switches<1>    |leds<5>        |  110.367|
switches<1>    |leds<6>        |  110.458|
switches<1>    |leds<7>        |  110.292|
switches<2>    |leds<0>        |  110.010|
switches<2>    |leds<1>        |  109.979|
switches<2>    |leds<2>        |  109.771|
switches<2>    |leds<3>        |  110.222|
switches<2>    |leds<4>        |  110.452|
switches<2>    |leds<5>        |  110.390|
switches<2>    |leds<6>        |  110.481|
switches<2>    |leds<7>        |  110.315|
switches<3>    |leds<0>        |  110.819|
switches<3>    |leds<1>        |  110.788|
switches<3>    |leds<2>        |  110.580|
switches<3>    |leds<3>        |  111.031|
switches<3>    |leds<4>        |  111.261|
switches<3>    |leds<5>        |  111.199|
switches<3>    |leds<6>        |  111.290|
switches<3>    |leds<7>        |  111.124|
switches<4>    |leds<0>        |  110.468|
switches<4>    |leds<1>        |  110.437|
switches<4>    |leds<2>        |  110.229|
switches<4>    |leds<3>        |  110.680|
switches<4>    |leds<4>        |  110.910|
switches<4>    |leds<5>        |  110.848|
switches<4>    |leds<6>        |  110.939|
switches<4>    |leds<7>        |  110.773|
switches<5>    |leds<0>        |  109.984|
switches<5>    |leds<1>        |  109.953|
switches<5>    |leds<2>        |  109.745|
switches<5>    |leds<3>        |  110.196|
switches<5>    |leds<4>        |  110.426|
switches<5>    |leds<5>        |  110.364|
switches<5>    |leds<6>        |  110.455|
switches<5>    |leds<7>        |  110.289|
switches<6>    |leds<0>        |  109.730|
switches<6>    |leds<1>        |  109.699|
switches<6>    |leds<2>        |  109.491|
switches<6>    |leds<3>        |  109.942|
switches<6>    |leds<4>        |  110.172|
switches<6>    |leds<5>        |  110.110|
switches<6>    |leds<6>        |  110.201|
switches<6>    |leds<7>        |  110.035|
switches<7>    |leds<0>        |  112.181|
switches<7>    |leds<1>        |  112.150|
switches<7>    |leds<2>        |  111.942|
switches<7>    |leds<3>        |  112.393|
switches<7>    |leds<4>        |  112.623|
switches<7>    |leds<5>        |  112.561|
switches<7>    |leds<6>        |  112.652|
switches<7>    |leds<7>        |  112.486|
---------------+---------------+---------+


Analysis completed Sat Dec 27 20:14:43 2014 
--------------------------------------------------------------------------------

Trace Settings:
-------------------------
Trace Settings 

Peak Memory Usage: 416 MB



