--------------------------------------------------------------------------------
Release 13.4 Trace  (lin64)
Copyright (c) 1995-2011 Xilinx, Inc.  All rights reserved.

/opt/Xilinx/13.4/ISE_DS/ISE/bin/lin64/unwrapped/trce -intstyle ise -v 3 -s 2 -n
3 -fastpaths -xml nx3_audio.twx nx3_audio.ncd -o nx3_audio.twr nx3_audio.pcf
-ucf nx3_audio.ucf

Design file:              nx3_audio.ncd
Physical constraint file: nx3_audio.pcf
Device,package,speed:     xc6slx16,csg324,C,-2 (PRODUCTION 1.21 2012-01-07)
Report level:             verbose report

Environment Variable      Effect 
--------------------      ------ 
NONE                      No environment variables were set
--------------------------------------------------------------------------------

INFO:Timing:2698 - No timing constraints found, doing default enumeration.
INFO:Timing:3412 - To improve timing, see the Timing Closure User Guide (UG612).
INFO:Timing:2752 - To get complete path coverage, use the unconstrained paths 
   option. All paths that are not constrained will be reported in the 
   unconstrained paths section(s) of the report.
INFO:Timing:3339 - The clock-to-out numbers in this timing report are based on 
   a 50 Ohm transmission line loading model.  For the details of this model, 
   and for more information on accounting for different loading conditions, 
   please see the device datasheet.



Data Sheet report:
-----------------
All values displayed in nanoseconds (ns)

Setup/Hold to clock clk
------------+------------+------------+------------+------------+------------------+--------+
            |Max Setup to|  Process   |Max Hold to |  Process   |                  | Clock  |
Source      | clk (edge) |   Corner   | clk (edge) |   Corner   |Internal Clock(s) | Phase  |
------------+------------+------------+------------+------------+------------------+--------+
uart_rx     |    3.629(R)|      SLOW  |   -1.668(R)|      FAST  |sampleClock       |   0.000|
------------+------------+------------+------------+------------+------------------+--------+

Clock clk to Pad
------------+-----------------+------------+-----------------+------------+------------------+--------+
            |Max (slowest) clk|  Process   |Min (fastest) clk|  Process   |                  | Clock  |
Destination |  (edge) to PAD  |   Corner   |  (edge) to PAD  |   Corner   |Internal Clock(s) | Phase  |
------------+-----------------+------------+-----------------+------------+------------------+--------+
digit<0>    |         8.063(R)|      SLOW  |         3.617(R)|      FAST  |sampleClock       |   0.000|
digit<1>    |         8.076(R)|      SLOW  |         3.632(R)|      FAST  |sampleClock       |   0.000|
digit<2>    |         7.613(R)|      SLOW  |         3.492(R)|      FAST  |sampleClock       |   0.000|
digit<3>    |         7.626(R)|      SLOW  |         3.507(R)|      FAST  |sampleClock       |   0.000|
segments<0> |        12.480(R)|      SLOW  |         4.726(R)|      FAST  |sampleClock       |   0.000|
segments<1> |        12.451(R)|      SLOW  |         4.598(R)|      FAST  |sampleClock       |   0.000|
segments<2> |        13.093(R)|      SLOW  |         4.901(R)|      FAST  |sampleClock       |   0.000|
segments<3> |        13.232(R)|      SLOW  |         4.581(R)|      FAST  |sampleClock       |   0.000|
segments<4> |        13.381(R)|      SLOW  |         4.872(R)|      FAST  |sampleClock       |   0.000|
segments<5> |        13.061(R)|      SLOW  |         4.605(R)|      FAST  |sampleClock       |   0.000|
segments<6> |        13.210(R)|      SLOW  |         5.119(R)|      FAST  |sampleClock       |   0.000|
segments<7> |        13.202(R)|      SLOW  |         4.932(R)|      FAST  |sampleClock       |   0.000|
------------+-----------------+------------+-----------------+------------+------------------+--------+

Clock to Setup on destination clock clk
---------------+---------+---------+---------+---------+
               | Src:Rise| Src:Fall| Src:Rise| Src:Fall|
Source Clock   |Dest:Rise|Dest:Rise|Dest:Fall|Dest:Fall|
---------------+---------+---------+---------+---------+
clk            |    3.813|         |         |         |
---------------+---------+---------+---------+---------+


Analysis completed Thu Jan 15 08:59:25 2015 
--------------------------------------------------------------------------------

Trace Settings:
-------------------------
Trace Settings 

Peak Memory Usage: 440 MB



