--------------------------------------------------------------------------------
Release 13.4 Trace  (lin64)
Copyright (c) 1995-2011 Xilinx, Inc.  All rights reserved.

/opt/Xilinx/13.4/ISE_DS/ISE/bin/lin64/unwrapped/trce -intstyle ise -v 3 -s 2 -n
3 -fastpaths -xml nx3_audio.twx nx3_audio.ncd -o nx3_audio.twr nx3_audio.pcf
-ucf nx3_audio.ucf

Design file:              nx3_audio.ncd
Physical constraint file: nx3_audio.pcf
Device,package,speed:     xc6slx16,csg324,C,-2 (PRODUCTION 1.21 2012-01-07)
Report level:             verbose report

Environment Variable      Effect 
--------------------      ------ 
NONE                      No environment variables were set
--------------------------------------------------------------------------------

INFO:Timing:2698 - No timing constraints found, doing default enumeration.
INFO:Timing:3412 - To improve timing, see the Timing Closure User Guide (UG612).
INFO:Timing:2752 - To get complete path coverage, use the unconstrained paths 
   option. All paths that are not constrained will be reported in the 
   unconstrained paths section(s) of the report.
INFO:Timing:3339 - The clock-to-out numbers in this timing report are based on 
   a 50 Ohm transmission line loading model.  For the details of this model, 
   and for more information on accounting for different loading conditions, 
   please see the device datasheet.



Data Sheet report:
-----------------
All values displayed in nanoseconds (ns)

Setup/Hold to clock clk
------------+------------+------------+------------+------------+------------------+--------+
            |Max Setup to|  Process   |Max Hold to |  Process   |                  | Clock  |
Source      | clk (edge) |   Corner   | clk (edge) |   Corner   |Internal Clock(s) | Phase  |
------------+------------+------------+------------+------------+------------------+--------+
uart_rx     |    3.766(R)|      SLOW  |   -1.710(R)|      FAST  |sampleClock       |   0.000|
------------+------------+------------+------------+------------+------------------+--------+

Clock clk to Pad
------------+-----------------+------------+-----------------+------------+------------------+--------+
            |Max (slowest) clk|  Process   |Min (fastest) clk|  Process   |                  | Clock  |
Destination |  (edge) to PAD  |   Corner   |  (edge) to PAD  |   Corner   |Internal Clock(s) | Phase  |
------------+-----------------+------------+-----------------+------------+------------------+--------+
digit<0>    |         9.705(R)|      SLOW  |         4.608(R)|      FAST  |sampleClock       |   0.000|
digit<1>    |         9.565(R)|      SLOW  |         4.508(R)|      FAST  |sampleClock       |   0.000|
digit<2>    |         8.909(R)|      SLOW  |         4.285(R)|      FAST  |sampleClock       |   0.000|
digit<3>    |         8.922(R)|      SLOW  |         4.300(R)|      FAST  |sampleClock       |   0.000|
segments<0> |        11.762(R)|      SLOW  |         4.932(R)|      FAST  |sampleClock       |   0.000|
segments<1> |        11.740(R)|      SLOW  |         4.777(R)|      FAST  |sampleClock       |   0.000|
segments<2> |        12.081(R)|      SLOW  |         4.844(R)|      FAST  |sampleClock       |   0.000|
segments<3> |        13.681(R)|      SLOW  |         5.036(R)|      FAST  |sampleClock       |   0.000|
segments<4> |        12.079(R)|      SLOW  |         5.052(R)|      FAST  |sampleClock       |   0.000|
segments<5> |        12.564(R)|      SLOW  |         5.120(R)|      FAST  |sampleClock       |   0.000|
segments<6> |        12.534(R)|      SLOW  |         5.141(R)|      FAST  |sampleClock       |   0.000|
segments<7> |        12.089(R)|      SLOW  |         5.197(R)|      FAST  |sampleClock       |   0.000|
------------+-----------------+------------+-----------------+------------+------------------+--------+

Clock to Setup on destination clock clk
---------------+---------+---------+---------+---------+
               | Src:Rise| Src:Fall| Src:Rise| Src:Fall|
Source Clock   |Dest:Rise|Dest:Rise|Dest:Fall|Dest:Fall|
---------------+---------+---------+---------+---------+
clk            |    3.863|         |         |         |
---------------+---------+---------+---------+---------+


Analysis completed Fri Jan 16 10:37:05 2015 
--------------------------------------------------------------------------------

Trace Settings:
-------------------------
Trace Settings 

Peak Memory Usage: 445 MB



